// Jest Snapshot v1, https://goo.gl/fbAQLP

exports[`WeatherCurrentCity WeatherCurrentCity render 1`] = `ShallowWrapper {}`;
