// Jest Snapshot v1, https://goo.gl/fbAQLP

exports[`TemperatureSwitcher render TemperatureSwitcher 1`] = `ShallowWrapper {}`;
