// Jest Snapshot v1, https://goo.gl/fbAQLP

exports[`TemperatureCurrentCity render TemperatureCurrentCity 1`] = `ShallowWrapper {}`;
