// Jest Snapshot v1, https://goo.gl/fbAQLP

exports[`TemperatureSwitcher render TemperatureSwitcher with C switch 1`] = `ShallowWrapper {}`;

exports[`TemperatureSwitcher render TemperatureSwitcher with K switch 1`] = `ShallowWrapper {}`;
